--- Start BURT header
Time:     Wed Sep  4 09:35:48 2002
Login ID: epics (EPICS Account)
Eff  UID: 5001
Group ID: 146
Keywords: 
Comments: 
Type:     Absolute
Directory /home/epics/R3.13.4/epicsB/release-7-8/app/general/alh/pager_oncall_burt
Req File: onCallPager.req
--- End BURT header
hallb_CTD8541.HIHI 1 4.500000e+01
hallb_CTD8541.HIGH 1 3.500000e+01
hallb_CTD8541.LOW 1 0.000000e+00
hallb_CTD8541.LOLO 1 0.000000e+00
LL8210.HIHI 1 9.000000e+01
LL8210.HIGH 1 8.000000e+01
LL8210.LOW 1 5.000000e+01
LL8210.LOLO 1 4.000000e+01
PI8210.HIHI 1 1.500000e+03
PI8210.HIGH 1 1.400000e+03
PI8210.LOW 1 1.100000e+03
PI8210.LOLO 1 1.000000e+03
cc_sector1_pres.HIHI 1 1.750000e+00
cc_sector1_pres.HIGH 1 1.750000e+00
cc_sector1_pres.LOW 1 1.000000e-01
cc_sector1_pres.LOLO 1 1.000000e-01
cc_sector2_pres.HIHI 1 1.750000e+00
cc_sector2_pres.HIGH 1 1.750000e+00
cc_sector2_pres.LOW 1 0.000000e+00
cc_sector2_pres.LOLO 1 -1.000000e+00
cc_sector3_pres.HIHI 1 1.750000e+00
cc_sector3_pres.HIGH 1 1.750000e+00
cc_sector3_pres.LOW 1 1.000000e-01
cc_sector3_pres.LOLO 1 1.000000e-01
cc_sector4_pres.HIHI 1 1.750000e+00
cc_sector4_pres.HIGH 1 1.750000e+00
cc_sector4_pres.LOW 1 1.000000e-01
cc_sector4_pres.LOLO 1 1.000000e-01
cc_sector5_pres.HIHI 1 1.750000e+00
cc_sector5_pres.HIGH 1 1.750000e+00
cc_sector5_pres.LOW 1 1.000000e-01
cc_sector5_pres.LOLO 1 1.000000e-01
cc_sector6_pres.HIHI 1 1.750000e+00
cc_sector6_pres.HIGH 1 1.750000e+00
cc_sector6_pres.LOW 1 1.000000e-01
cc_sector6_pres.LOLO 1 1.000000e-01
dc_r1out_pres.HIHI 1 2.000000e-01
dc_r1out_pres.HIGH 1 1.750000e-01
dc_r1out_pres.LOW 1 2.500000e-02
dc_r1out_pres.LOLO 1 -5.000000e-02
dc_r2out_pres.HIHI 1 1.500000e-01
dc_r2out_pres.HIGH 1 1.250000e-01
dc_r2out_pres.LOW 1 2.500000e-02
dc_r2out_pres.LOLO 1 -5.000000e-02
dc_r3out_pres.HIHI 1 2.000000e-01
dc_r3out_pres.HIGH 1 1.750000e-01
dc_r3out_pres.LOW 1 2.500000e-02
dc_r3out_pres.LOLO 1 -5.000000e-02
dc_arco2_ratio1.HIHI 1 1.300000e-01
dc_arco2_ratio1.HIGH 1 0.000000e+00
dc_arco2_ratio1.LOW 1 0.000000e+00
dc_arco2_ratio1.LOLO 1 1.000000e-01
dc_arco2_ratio2.HIHI 1 1.100000e-01
dc_arco2_ratio2.HIGH 1 0.000000e+00
dc_arco2_ratio2.LOW 1 0.000000e+00
dc_arco2_ratio2.LOLO 1 8.000000e-02
hallb_l3_temp.HIHI 1 8.100000e+01
hallb_l3_temp.HIGH 1 7.900000e+01
hallb_l3_temp.LOW 1 0.000000e+00
hallb_l3_temp.LOLO 1 0.000000e+00
hallb_l2_temp.HIHI 1 7.900000e+01
hallb_l2_temp.HIGH 1 7.700000e+01
hallb_l2_temp.LOW 1 0.000000e+00
hallb_l2_temp.LOLO 1 0.000000e+00
fv-cvs.OSV 1 NO_ALARM
fv-cvs.ZSV 1 MAJOR
PI1022.HIHI 1 4.000000e+00
PI1022.HIGH 1 3.600000e+00
PI1022.LOW 1 2.300000e+00
PI1022.LOLO 1 2.400000e+00
PI1028.HIHI 1 1.400000e+00
PI1028.HIGH 1 1.300000e+00
PI1028.LOW 1 1.000000e+00
PI1028.LOLO 1 9.000000e-01
PG3031.HIHI 1 0.000000e+00
PG3031.HIGH 1 0.000000e+00
PG3031.LOW 1 0.000000e+00
PG3031.LOLO 1 0.000000e+00
LL1130.HIHI 1 1.010000e+02
LL1130.HIGH 1 9.900000e+01
LL1130.LOW 1 5.500000e+01
LL1130.LOLO 1 5.000000e+01
hallb_vesda1.HIHI 1 1.500000e+00
hallb_vesda1.HIGH 1 1.000000e+00
hallb_vesda1.LOW 1 5.900000e+00
hallb_vesda1.LOLO 1 5.700000e+00
hallb_vesda2.HIHI 1 1.500000e+00
hallb_vesda2.HIGH 1 1.000000e+00
hallb_vesda2.LOW 1 5.900000e+00
hallb_vesda2.LOLO 1 5.700000e+00
hallb_vesda3.HIHI 1 1.500000e+00
hallb_vesda3.HIGH 1 1.000000e+00
hallb_vesda3.LOW 1 1.900000e+00
hallb_vesda3.LOLO 1 1.800000e+00
hallb_vesda4.HIHI 1 1.500000e+00
hallb_vesda4.HIGH 1 1.000000e+00
hallb_vesda4.LOW 1 5.700000e+01
hallb_vesda4.LOLO 1 5.500000e+01
